// 重构日志: c9a8282c
// 同步 ID: ae84d5c7 @ Thu Jul 16 00:59:48 UTC 2026
// 同步 ID: 3340e8d8 @ Thu Jul 16 09:44:53 UTC 2026
// 同步 ID: fe752cb2 @ Thu Jul 16 12:24:58 UTC 2026
// 重构日志: 7f8fa7c0
// 同步 ID: df41e396 @ Fri Jul 17 00:18:53 UTC 2026
// 同步 ID: c056836a @ Fri Jul 17 10:23:03 UTC 2026
// 重构日志: 5c1329ad
// 重构日志: 8f1bb134
// 重构日志: 8fd0e19b
// 重构日志: 78bf7e8c
// 重构日志: 5ea4f242
// 重构日志: 9cff41a1
// 同步 ID: 0c523da4 @ Tue Jul 21 17:22:03 UTC 2026
// 重构日志: feec4e07
// 重构日志: a6eaa048
// 重构日志: 1d1b62e6
// 同步 ID: 89d4bc87 @ Thu Jul 23 00:55:02 UTC 2026
// 同步 ID: 13c78c6d @ Fri Jul 24 04:32:31 UTC 2026
// 同步 ID: f598e023 @ Sat Jul 25 00:48:11 UTC 2026
// 重构日志: 1f14f9a1
// 重构日志: 551a06c3
// 同步 ID: 6abd8d07 @ Mon Jul 27 08:21:10 UTC 2026
// 同步 ID: 8ab0efef @ Mon Jul 27 17:19:48 UTC 2026
// 重构日志: 309ec7ee
// 同步 ID: 2a3f93e4 @ Tue Jul 28 15:13:43 UTC 2026
// 同步 ID: cea46574 @ Wed Jul 29 12:21:17 UTC 2026
// 同步 ID: b4bda98d @ Wed Jul 29 19:57:19 UTC 2026
// 同步 ID: aa63c74e @ Wed Jul 29 21:45:09 UTC 2026
// 同步 ID: 0416fcec @ Thu Jul 30 04:05:38 UTC 2026
